["actual/expand_dirs_string.txt","actual/src_multi.txt","actual/expand_files_string.txt","actual/expand_dirs_array.txt","actual/dest_compact.txt","actual/src_expansion.txt","actual/expand_files_array.txt","actual/src_single.txt","actual/src_uri.txt","actual/dest_simple.txt","actual/src_compact.txt","grunt.common.js","Gruntfile.js","grunt.js","retro_test.js","test_files/file.js","test_files/file2.js","expected/expand_dirs_string.txt","expected/src_multi.txt","expected/expand_files_string.txt","expected/expand_dirs_array.txt","expected/dest_compact.txt","expected/src_expansion.txt","expected/expand_files_array.txt","expected/src_single.txt","expected/src_uri.txt","expected/dest_simple.txt","expected/src_compact.txt","echo-dest"]